---
source: flecs_ecs/examples/flecs/z_ignore_test_common.rs
expression: str_output
---
"e1: [Position { x: 11.0, y: 22.0 }]\ne2: [Position { x: 13.0, y: 24.0 }]\n[Position { x: 12.0, y: 24.0 }]\n[Position { x: 16.0, y: 28.0 }]\n[Position { x: 13.0, y: 26.0 }]\n[Position { x: 19.0, y: 32.0 }]\n"
