---
source: flecs_ecs/examples/flecs/z_ignore_test_common.rs
expression: str_output
---
"Alice likes Bob\nJohn likes Jane\nJane likes John\nBob likes Alice\n"
