---
source: flecs_ecs/examples/flecs/z_ignore_test_common.rs
expression: str_output
---
"Defence { value: 50.0 }\nafter set: Defence { value: 100.0 }\n::my_spaceship: defence: 100\n"
