---
source: flecs_ecs/examples/flecs/z_ignore_test_common.rs
expression: str_output
---
"e1: { 11, 22 }\ne2: { 13, 24 }\n"
