---
source: flecs_ecs/examples/flecs/z_ignore_test_common.rs
expression: str_output
---
"instance engine: ::my_spaceship::Engine\ninstance cockpit: ::my_spaceship::Cockpit\ninstance seat: ::my_spaceship::Cockpit::PilotSeat\n"
