---
source: flecs_ecs/examples/flecs/z_ignore_test_common.rs
expression: str_output
---
" - Enter: examples.observers.observer_monitor.Velocity: e\n - Leave: examples.observers.observer_monitor.Position: e\n"
