---
source: flecs_ecs/examples/flecs/z_ignore_test_common.rs
expression: str_output
---
"\nGroup: \"::examples::queries::query_group_by::First\" - Table: [Some(examples.queries.query_group_by.Position, (examples.queries.query_group_by.Group,examples.queries.query_group_by.First))]\n [Position { x: 3.0, y: 3.0 }]\n\nGroup: \"::examples::queries::query_group_by::First\" - Table: [Some(examples.queries.query_group_by.Position, examples.queries.query_group_by.Tag, (examples.queries.query_group_by.Group,examples.queries.query_group_by.First))]\n [Position { x: 6.0, y: 6.0 }]\n\nGroup: \"::examples::queries::query_group_by::Second\" - Table: [Some(examples.queries.query_group_by.Position, (examples.queries.query_group_by.Group,examples.queries.query_group_by.Second))]\n [Position { x: 2.0, y: 2.0 }]\n\nGroup: \"::examples::queries::query_group_by::Second\" - Table: [Some(examples.queries.query_group_by.Position, examples.queries.query_group_by.Tag, (examples.queries.query_group_by.Group,examples.queries.query_group_by.Second))]\n [Position { x: 5.0, y: 5.0 }]\n\nGroup: \"::examples::queries::query_group_by::Third\" - Table: [Some(examples.queries.query_group_by.Position, (examples.queries.query_group_by.Group,examples.queries.query_group_by.Third))]\n [Position { x: 1.0, y: 1.0 }]\n\nGroup: \"::examples::queries::query_group_by::Third\" - Table: [Some(examples.queries.query_group_by.Position, examples.queries.query_group_by.Tag, (examples.queries.query_group_by.Group,examples.queries.query_group_by.Third))]\n [Position { x: 4.0, y: 4.0 }]\n\n"
