---
source: flecs_ecs/examples/flecs/z_ignore_test_common.rs
expression: str_output
---
" - OnSet: examples.observers.observer_two_components.Velocity: e: p: { 10, 20 }, v: { 1, 2 }\n"
