---
source: flecs_ecs/examples/flecs/z_ignore_test_common.rs
expression: str_output
---
"All tables\ngroup: \"::examples::queries::query_group_iter::Cell_0_0\" - Table [examples.queries.query_group_iter.Merchant, examples.queries.query_group_iter.Npc, (examples.queries.query_group_iter.WorldCell,examples.queries.query_group_iter.Cell_0_0)]\ngroup: \"::examples::queries::query_group_iter::Cell_0_1\" - Table [examples.queries.query_group_iter.Npc, examples.queries.query_group_iter.Beggar, (examples.queries.query_group_iter.WorldCell,examples.queries.query_group_iter.Cell_0_1)]\ngroup: \"::examples::queries::query_group_iter::Cell_0_1\" - Table [examples.queries.query_group_iter.Npc, examples.queries.query_group_iter.Soldier, (examples.queries.query_group_iter.WorldCell,examples.queries.query_group_iter.Cell_0_1)]\ngroup: \"::examples::queries::query_group_iter::Cell_1_0\" - Table [examples.queries.query_group_iter.Npc, examples.queries.query_group_iter.Mage, (examples.queries.query_group_iter.WorldCell,examples.queries.query_group_iter.Cell_1_0)]\ngroup: \"::examples::queries::query_group_iter::Cell_1_0\" - Table [examples.queries.query_group_iter.Npc, examples.queries.query_group_iter.Beggar, (examples.queries.query_group_iter.WorldCell,examples.queries.query_group_iter.Cell_1_0)]\ngroup: \"::examples::queries::query_group_iter::Cell_1_1\" - Table [examples.queries.query_group_iter.Npc, examples.queries.query_group_iter.Soldier, (examples.queries.query_group_iter.WorldCell,examples.queries.query_group_iter.Cell_1_1)]\n\nTables for cell 1_0:\ngroup: \"::examples::queries::query_group_iter::Cell_1_0\" - Table [examples.queries.query_group_iter.Npc, examples.queries.query_group_iter.Mage, (examples.queries.query_group_iter.WorldCell,examples.queries.query_group_iter.Cell_1_0)]\ngroup: \"::examples::queries::query_group_iter::Cell_1_0\" - Table [examples.queries.query_group_iter.Npc, examples.queries.query_group_iter.Beggar, (examples.queries.query_group_iter.WorldCell,examples.queries.query_group_iter.Cell_1_0)]\n"
