---
source: flecs_ecs/examples/flecs/z_ignore_test_common.rs
expression: str_output
---
"Bob's components:\n[examples.entities.entity_iterate_components.Position, examples.entities.entity_iterate_components.Velocity, examples.entities.entity_iterate_components.Human, (Identifier,Name), (examples.entities.entity_iterate_components.Eats,examples.entities.entity_iterate_components.Apples)]\n\n0: examples.entities.entity_iterate_components.Position\n1: examples.entities.entity_iterate_components.Velocity\n2: examples.entities.entity_iterate_components.Human\n3: (Identifier,Name)\n4: (examples.entities.entity_iterate_components.Eats,examples.entities.entity_iterate_components.Apples)\n\n0: entity: Position\n1: entity: Velocity\n2: entity: Human\n3: rel: Identifier, target: Name\n4: rel: Eats, target: Apples\n\nPosition's components:\n[Component, (Identifier,Name), (Identifier,Symbol), (ChildOf,examples.entities.entity_iterate_components)]\n\n0: Component\n1: (Identifier,Name)\n2: (Identifier,Symbol)\n3: (ChildOf,examples.entities.entity_iterate_components)\n\n0: entity: Component\n1: rel: Identifier, target: Name\n2: rel: Identifier, target: Symbol\n3: rel: ChildOf, target: entity_iterate_components\n"
