---
source: flecs_ecs/examples/flecs/z_ignore_test_common.rs
expression: str_output
---
"Entity e1: Position { x: 10.0, y: 20.0 }\nEntity e2: Position { x: 10.0, y: 20.0 }\n"
