---
source: flecs_ecs/examples/flecs/z_ignore_test_common.rs
expression: str_output
---
"widget: Entity name: MyWidget -- [ID] -- archetype: (Identifier,Name)\nclicked on \"MyWidget\"\nclicked!\nwidget resized to { 100, 200 }!\nMyWidget resized to { 100, 200 }!\nClose request with reason: User\n"
