---
source: flecs_ecs/examples/flecs/z_ignore_test_common.rs
expression: str_output
---
"Entity e1: Position { x: 11.0, y: 22.0 }\nEntity e2: Position { x: 13.0, y: 24.0 }\n"
