---
source: flecs_ecs/examples/flecs/z_ignore_test_common.rs
expression: str_output
---
"Bob eats Apples\nAlice eats Apples\nAlice eats Salad\n"
