---
source: flecs_ecs/examples/flecs/z_ignore_test_common.rs
expression: str_output
---
"\nGroup: \"::examples::queries::query_group_by_custom::First\" - Table: [Some(examples.queries.query_group_by_custom.Position, (examples.queries.query_group_by_custom.Group,examples.queries.query_group_by_custom.First))]\n [Position { x: 3.0, y: 3.0 }]\n\nGroup: \"::examples::queries::query_group_by_custom::First\" - Table: [Some(examples.queries.query_group_by_custom.Position, examples.queries.query_group_by_custom.Tag, (examples.queries.query_group_by_custom.Group,examples.queries.query_group_by_custom.First))]\n [Position { x: 6.0, y: 6.0 }]\n\nGroup: \"::examples::queries::query_group_by_custom::Second\" - Table: [Some(examples.queries.query_group_by_custom.Position, (examples.queries.query_group_by_custom.Group,examples.queries.query_group_by_custom.Second))]\n [Position { x: 2.0, y: 2.0 }]\n\nGroup: \"::examples::queries::query_group_by_custom::Second\" - Table: [Some(examples.queries.query_group_by_custom.Position, examples.queries.query_group_by_custom.Tag, (examples.queries.query_group_by_custom.Group,examples.queries.query_group_by_custom.Second))]\n [Position { x: 5.0, y: 5.0 }]\n\nGroup: \"::examples::queries::query_group_by_custom::Third\" - Table: [Some(examples.queries.query_group_by_custom.Position, (examples.queries.query_group_by_custom.Group,examples.queries.query_group_by_custom.Third))]\n [Position { x: 1.0, y: 1.0 }]\n\nGroup: \"::examples::queries::query_group_by_custom::Third\" - Table: [Some(examples.queries.query_group_by_custom.Position, examples.queries.query_group_by_custom.Tag, (examples.queries.query_group_by_custom.Group,examples.queries.query_group_by_custom.Third))]\n [Position { x: 4.0, y: 4.0 }]\n\n"
